[33324:32000:0519/164436.518:WARNING:chrome_main_delegate.cc(745)] This is Chrome version 128.0.6613.138 (not a warning)
[33324:21560:0519/164436.548:ERROR:google_update_settings.cc(265)] Failed opening key Software\Chromium to set usagestats; result: 5
[33324:32000:0519/164436.576:WARNING:account_consistency_mode_manager.cc(77)] Desktop Identity Consistency cannot be enabled as no OAuth client ID and client secret have been configured.
[41328:36152:0519/164438.996:WARNING:frame_impl.cc(430)] virtual CefFrameImpl::SendProcessMessage sent to detached frame 5-E02C290B0432AA6A62EACDFDD1430C83 will be ignored
[33324:32000:0519/172208.484:WARNING:sad_tab.cc(255)] Tab Killed: https://editor.unrealengine.com/
[33324:32000:0519/172208.614:ERROR:gpu_process_host.cc(1007)] GPU process exited unexpectedly: exit_code=1073807364
[33324:32000:0519/172208.614:WARNING:gpu_process_host.cc(1441)] The GPU process has crashed 1 time(s)
[33324:32000:0519/172208.615:ERROR:network_service_instance_impl.cc(608)] Network service crashed, restarting service.
[33324:32000:0519/172208.681:ERROR:gpu_process_host.cc(1007)] GPU process exited unexpectedly: exit_code=-1073741205
[33324:32000:0519/172208.681:WARNING:gpu_process_host.cc(1441)] The GPU process has crashed 2 time(s)
[33324:32000:0519/172208.684:ERROR:network_service_instance_impl.cc(608)] Network service crashed, restarting service.
[33324:32000:0519/172208.753:ERROR:gpu_process_host.cc(1007)] GPU process exited unexpectedly: exit_code=-1073741205
[33324:32000:0519/172208.753:WARNING:gpu_process_host.cc(1441)] The GPU process has crashed 3 time(s)
[33324:32000:0519/172208.754:ERROR:network_service_instance_impl.cc(608)] Network service crashed, restarting service.
[33324:32000:0519/172208.822:ERROR:gpu_process_host.cc(1007)] GPU process exited unexpectedly: exit_code=-1073741205
[33324:32000:0519/172208.822:WARNING:gpu_process_host.cc(1441)] The GPU process has crashed 4 time(s)
[33324:32000:0519/172208.823:ERROR:network_service_instance_impl.cc(608)] Network service crashed, restarting service.
[33324:32000:0519/172208.895:ERROR:gpu_process_host.cc(1007)] GPU process exited unexpectedly: exit_code=-1073741205
[33324:32000:0519/172208.895:WARNING:gpu_process_host.cc(1441)] The GPU process has crashed 5 time(s)
[33324:32000:0519/172208.897:ERROR:network_service_instance_impl.cc(608)] Network service crashed, restarting service.
[33324:32000:0519/172208.970:ERROR:gpu_process_host.cc(1007)] GPU process exited unexpectedly: exit_code=-1073741205
[33324:32000:0519/172208.970:WARNING:gpu_process_host.cc(1441)] The GPU process has crashed 6 time(s)
[33324:32000:0519/172208.970:ERROR:network_service_instance_impl.cc(608)] Network service crashed, restarting service.
[33324:32000:0519/172209.042:ERROR:gpu_process_host.cc(1007)] GPU process exited unexpectedly: exit_code=-1073741205
[33324:32000:0519/172209.042:WARNING:gpu_process_host.cc(1441)] The GPU process has crashed 7 time(s)
[33324:32000:0519/172209.044:ERROR:network_service_instance_impl.cc(608)] Network service crashed, restarting service.
[33324:32000:0519/172209.117:ERROR:gpu_process_host.cc(1007)] GPU process exited unexpectedly: exit_code=-1073741205
[33324:32000:0519/172209.117:WARNING:gpu_process_host.cc(1441)] The GPU process has crashed 8 time(s)
[33324:32000:0519/172209.117:ERROR:network_service_instance_impl.cc(608)] Network service crashed, restarting service.
[33324:32000:0519/172209.190:ERROR:gpu_process_host.cc(1007)] GPU process exited unexpectedly: exit_code=-1073741205
[33324:32000:0519/172209.190:WARNING:gpu_process_host.cc(1441)] The GPU process has crashed 9 time(s)
[33324:32000:0519/172209.190:FATAL:gpu_data_manager_impl_private.cc(436)] GPU process isn't usable. Goodbye.
